{
  "annotations": {
    "title": "Add discussion comment"
  },
  "description": "Add a comment to a discussion.",
  "inputSchema": {
    "type": "object",
    "properties": {
      "body": {
        "type": "string",
        "description": "Comment body (Markdown)"
      },
      "discussionNumber": {
        "type": "number",
        "description": "Discussion Number"
      },
      "owner": {
        "type": "string",
        "description": "Repository owner"
      },
      "reply_to_id": {
        "type": "string",
        "description": "Optional discussion comment node ID to reply to."
      },
      "repo": {
        "type": "string",
        "description": "Repository name"
      }
    },
    "required": [
      "owner",
      "repo",
      "discussionNumber",
      "body"
    ]
  },
  "name": "add_discussion_comment"
}